../Core/Src/main.c:92:5:main	184	static
../Core/Src/main.c:191:6:KPredict	64	static
../Core/Src/main.c:209:6:KUpdate	48	static
../Core/Src/main.c:230:6:GravityCorrection	72	static
../Core/Src/main.c:244:6:MadgwickUpdate	152	static
../Core/Src/main.c:301:6:USART2_IRQHandler	8	static
../Core/Src/main.c:305:6:HAL_UART_RxCpltCallback	16	static
../Core/Src/main.c:342:6:HAL_UART_ErrorCallback	24	static
../Core/Src/main.c:352:5:_write	24	static
../Core/Src/main.c:357:9:MPU6050_Init	32	static
../Core/Src/main.c:370:6:MPU6050_Calibrate	80	static
../Core/Src/main.c:404:6:MPU6050_Read_AccelGyro	56	static
../Core/Src/main.c:430:6:Parse_GGA_Generic	32	static
../Core/Src/main.c:452:6:SystemClock_Config	88	static
../Core/Src/main.c:475:13:MX_I2C1_Init	8	static
../Core/Src/main.c:488:13:MX_USART1_UART_Init	8	static
../Core/Src/main.c:500:13:MX_USART2_UART_Init	8	static
../Core/Src/main.c:516:13:MX_GPIO_Init	40	static
../Core/Src/main.c:529:6:Error_Handler	4	static,ignoring_inline_asm
