../Core/Src/main.c:89:5:main	144	static
../Core/Src/main.c:178:6:KPredict	64	static
../Core/Src/main.c:196:6:GravityCorrection	72	static
../Core/Src/main.c:210:6:MadgwickUpdate	152	static
../Core/Src/main.c:267:6:USART2_IRQHandler	8	static
../Core/Src/main.c:271:6:HAL_UART_RxCpltCallback	16	static
../Core/Src/main.c:307:6:HAL_UART_ErrorCallback	24	static
../Core/Src/main.c:317:5:_write	24	static
../Core/Src/main.c:322:9:MPU6050_Init	32	static
../Core/Src/main.c:335:6:MPU6050_Calibrate	80	static
../Core/Src/main.c:369:6:MPU6050_Read_AccelGyro	56	static
../Core/Src/main.c:395:6:Parse_GGA_Generic	32	static
../Core/Src/main.c:417:6:SystemClock_Config	88	static
../Core/Src/main.c:440:13:MX_I2C1_Init	8	static
../Core/Src/main.c:453:13:MX_USART1_UART_Init	8	static
../Core/Src/main.c:465:13:MX_USART2_UART_Init	8	static
../Core/Src/main.c:481:13:MX_GPIO_Init	40	static
../Core/Src/main.c:494:6:Error_Handler	4	static,ignoring_inline_asm
