../Core/Src/main.c:85:5:main	5
../Core/Src/main.c:161:6:madgwickUpdate	7
../Core/Src/main.c:243:6:USART2_IRQHandler	1
../Core/Src/main.c:248:6:HAL_UART_RxCpltCallback	13
../Core/Src/main.c:288:6:HAL_UART_ErrorCallback	3
../Core/Src/main.c:301:5:_write	1
../Core/Src/main.c:307:13:MX_USART2_UART_Init	2
../Core/Src/main.c:328:6:Parse_GGA_Generic	9
../Core/Src/main.c:364:9:MPU6050_Init	2
../Core/Src/main.c:383:6:MPU6050_Calibrate	12
../Core/Src/main.c:423:6:MPU6050_Read_AccelGyro	3
../Core/Src/main.c:461:6:SystemClock_Config	1
../Core/Src/main.c:484:13:MX_I2C1_Init	1
../Core/Src/main.c:496:13:MX_USART1_UART_Init	1
../Core/Src/main.c:507:13:MX_GPIO_Init	1
../Core/Src/main.c:519:6:Error_Handler	1
