../Core/Src/main.c:89:5:main	4
../Core/Src/main.c:178:6:KPredict	1
../Core/Src/main.c:196:6:GravityCorrection	1
../Core/Src/main.c:210:6:MadgwickUpdate	7
../Core/Src/main.c:267:6:USART2_IRQHandler	1
../Core/Src/main.c:271:6:HAL_UART_RxCpltCallback	13
../Core/Src/main.c:307:6:HAL_UART_ErrorCallback	3
../Core/Src/main.c:317:5:_write	1
../Core/Src/main.c:322:9:MPU6050_Init	2
../Core/Src/main.c:335:6:MPU6050_Calibrate	12
../Core/Src/main.c:369:6:MPU6050_Read_AccelGyro	3
../Core/Src/main.c:395:6:Parse_GGA_Generic	9
../Core/Src/main.c:417:6:SystemClock_Config	1
../Core/Src/main.c:440:13:MX_I2C1_Init	1
../Core/Src/main.c:453:13:MX_USART1_UART_Init	1
../Core/Src/main.c:465:13:MX_USART2_UART_Init	2
../Core/Src/main.c:481:13:MX_GPIO_Init	1
../Core/Src/main.c:494:6:Error_Handler	1
