22:26:34 **** Incremental Build of configuration Debug for project secMCU ****
make -j8 all 
arm-none-eabi-gcc "../Core/Src/main.c" -mcpu=cortex-m4 -std=gnu11 -g3 -DDEBUG -DUSE_HAL_DRIVER -DSTM32F401xC -c -I../Core/Inc -I../Drivers/STM32F4xx_HAL_Driver/Inc -I../Drivers/STM32F4xx_HAL_Driver/Inc/Legacy -I../Drivers/CMSIS/Device/ST/STM32F4xx/Include -I../Drivers/CMSIS/Include -O0 -ffunction-sections -fdata-sections -Wall -fstack-usage -fcyclomatic-complexity -MMD -MP -MF"Core/Src/main.d" -MT"Core/Src/main.o" --specs=nano.specs -mfpu=fpv4-sp-d16 -mfloat-abi=hard -mthumb -o "Core/Src/main.o"
arm-none-eabi-gcc -o "secMCU.elf" @"objects.list"   -mcpu=cortex-m4 -T"C:\Users\govind\VeloCET\payload2.0\stm\secMCU\STM32F401CCUX_FLASH.ld" --specs=nosys.specs -Wl,-Map="secMCU.map" -Wl,--gc-sections -static --specs=nano.specs -mfpu=fpv4-sp-d16 -mfloat-abi=hard -mthumb -Wl,--start-group -lc -lm -Wl,--end-group
Finished building target: secMCU.elf
 
arm-none-eabi-size  secMCU.elf 
arm-none-eabi-objdump -h -S secMCU.elf  > "secMCU.list"
   text	   data	    bss	    dec	    hex	filename
   8300	     12	   1644	   9956	   26e4	secMCU.elf
Finished building: default.size.stdout
 
Finished building: secMCU.list
 

22:26:36 Build Finished. 0 errors, 0 warnings. (took 1s.201ms)

